============================= test session starts ==============================
platform darwin -- Python 3.12.13, pytest-9.1.1, pluggy-1.6.0 -- /Users/harshgopal/code/myprojects/price_drop/instamart-deal-radar/backend/.venv/bin/python3
cachedir: .pytest_cache
rootdir: /Users/harshgopal/code/myprojects/price_drop/instamart-deal-radar/backend
configfile: pyproject.toml
plugins: asyncio-1.4.0, anyio-4.15.1
asyncio: mode=Mode.STRICT, debug=False, asyncio_default_fixture_loop_scope=None, asyncio_default_test_loop_scope=function
collecting ... collected 1 item

tests/integration/test_deal_search_end_to_end.py::test_e2e_cancellation_and_failure_isolation FAILED [100%]

=================================== FAILURES ===================================
_________________ test_e2e_cancellation_and_failure_isolation __________________
Traceback (most recent call last):
  File "/Users/harshgopal/code/myprojects/price_drop/instamart-deal-radar/backend/.venv/lib/python3.12/site-packages/_pytest/runner.py", line 361, in from_call
    result: TResult | None = func()
                             ^^^^^^
  File "/Users/harshgopal/code/myprojects/price_drop/instamart-deal-radar/backend/.venv/lib/python3.12/site-packages/_pytest/runner.py", line 250, in <lambda>
    lambda: runtest_hook(item=item, **kwds),
            ^^^^^^^^^^^^^^^^^^^^^^^^^^^^^^^
  File "/Users/harshgopal/code/myprojects/price_drop/instamart-deal-radar/backend/.venv/lib/python3.12/site-packages/pluggy/_hooks.py", line 512, in __call__
    return self._hookexec(self.name, self._hookimpls.copy(), kwargs, firstresult)
           ^^^^^^^^^^^^^^^^^^^^^^^^^^^^^^^^^^^^^^^^^^^^^^^^^^^^^^^^^^^^^^^^^^^^^^
  File "/Users/harshgopal/code/myprojects/price_drop/instamart-deal-radar/backend/.venv/lib/python3.12/site-packages/pluggy/_manager.py", line 120, in _hookexec
    return self._inner_hookexec(hook_name, methods, kwargs, firstresult)
           ^^^^^^^^^^^^^^^^^^^^^^^^^^^^^^^^^^^^^^^^^^^^^^^^^^^^^^^^^^^^^
  File "/Users/harshgopal/code/myprojects/price_drop/instamart-deal-radar/backend/.venv/lib/python3.12/site-packages/pluggy/_callers.py", line 167, in _multicall
    raise exception
  File "/Users/harshgopal/code/myprojects/price_drop/instamart-deal-radar/backend/.venv/lib/python3.12/site-packages/pluggy/_callers.py", line 139, in _multicall
    teardown.throw(exception)
  File "/Users/harshgopal/code/myprojects/price_drop/instamart-deal-radar/backend/.venv/lib/python3.12/site-packages/_pytest/logging.py", line 865, in pytest_runtest_call
    yield
  File "/Users/harshgopal/code/myprojects/price_drop/instamart-deal-radar/backend/.venv/lib/python3.12/site-packages/pluggy/_callers.py", line 139, in _multicall
    teardown.throw(exception)
  File "/Users/harshgopal/code/myprojects/price_drop/instamart-deal-radar/backend/.venv/lib/python3.12/site-packages/_pytest/capture.py", line 900, in pytest_runtest_call
    return (yield)
            ^^^^^
  File "/Users/harshgopal/code/myprojects/price_drop/instamart-deal-radar/backend/.venv/lib/python3.12/site-packages/pluggy/_callers.py", line 139, in _multicall
    teardown.throw(exception)
  File "/Users/harshgopal/code/myprojects/price_drop/instamart-deal-radar/backend/.venv/lib/python3.12/site-packages/_pytest/skipping.py", line 268, in pytest_runtest_call
    return (yield)
            ^^^^^
  File "/Users/harshgopal/code/myprojects/price_drop/instamart-deal-radar/backend/.venv/lib/python3.12/site-packages/pluggy/_callers.py", line 121, in _multicall
    res = hook_impl.function(*args)
          ^^^^^^^^^^^^^^^^^^^^^^^^^
  File "/Users/harshgopal/code/myprojects/price_drop/instamart-deal-radar/backend/.venv/lib/python3.12/site-packages/_pytest/runner.py", line 184, in pytest_runtest_call
    item.runtest()
  File "/Users/harshgopal/code/myprojects/price_drop/instamart-deal-radar/backend/.venv/lib/python3.12/site-packages/pytest_asyncio/plugin.py", line 569, in runtest
    super().runtest()
  File "/Users/harshgopal/code/myprojects/price_drop/instamart-deal-radar/backend/.venv/lib/python3.12/site-packages/_pytest/python.py", line 1707, in runtest
    self.ihook.pytest_pyfunc_call(pyfuncitem=self)
  File "/Users/harshgopal/code/myprojects/price_drop/instamart-deal-radar/backend/.venv/lib/python3.12/site-packages/pluggy/_hooks.py", line 512, in __call__
    return self._hookexec(self.name, self._hookimpls.copy(), kwargs, firstresult)
           ^^^^^^^^^^^^^^^^^^^^^^^^^^^^^^^^^^^^^^^^^^^^^^^^^^^^^^^^^^^^^^^^^^^^^^
  File "/Users/harshgopal/code/myprojects/price_drop/instamart-deal-radar/backend/.venv/lib/python3.12/site-packages/pluggy/_manager.py", line 120, in _hookexec
    return self._inner_hookexec(hook_name, methods, kwargs, firstresult)
           ^^^^^^^^^^^^^^^^^^^^^^^^^^^^^^^^^^^^^^^^^^^^^^^^^^^^^^^^^^^^^
  File "/Users/harshgopal/code/myprojects/price_drop/instamart-deal-radar/backend/.venv/lib/python3.12/site-packages/pluggy/_callers.py", line 167, in _multicall
    raise exception
  File "/Users/harshgopal/code/myprojects/price_drop/instamart-deal-radar/backend/.venv/lib/python3.12/site-packages/pluggy/_callers.py", line 139, in _multicall
    teardown.throw(exception)
  File "/Users/harshgopal/code/myprojects/price_drop/instamart-deal-radar/backend/.venv/lib/python3.12/site-packages/pluggy/_callers.py", line 53, in run_old_style_hookwrapper
    return result.get_result()
           ^^^^^^^^^^^^^^^^^^^
  File "/Users/harshgopal/code/myprojects/price_drop/instamart-deal-radar/backend/.venv/lib/python3.12/site-packages/pluggy/_result.py", line 103, in get_result
    raise exc.with_traceback(tb)
  File "/Users/harshgopal/code/myprojects/price_drop/instamart-deal-radar/backend/.venv/lib/python3.12/site-packages/pluggy/_callers.py", line 38, in run_old_style_hookwrapper
    res = yield
          ^^^^^
  File "/Users/harshgopal/code/myprojects/price_drop/instamart-deal-radar/backend/.venv/lib/python3.12/site-packages/pluggy/_callers.py", line 121, in _multicall
    res = hook_impl.function(*args)
          ^^^^^^^^^^^^^^^^^^^^^^^^^
  File "/Users/harshgopal/code/myprojects/price_drop/instamart-deal-radar/backend/.venv/lib/python3.12/site-packages/_pytest/python.py", line 167, in pytest_pyfunc_call
    result = testfunction(**testargs)
             ^^^^^^^^^^^^^^^^^^^^^^^^
  File "/Users/harshgopal/code/myprojects/price_drop/instamart-deal-radar/backend/.venv/lib/python3.12/site-packages/pytest_asyncio/plugin.py", line 905, in inner
    runner.run(coro, context=context)
  File "/Users/harshgopal/AntigravityProfiles/work/.local/share/uv/python/cpython-3.12.13-macos-aarch64-none/lib/python3.12/asyncio/runners.py", line 118, in run
    return self._loop.run_until_complete(task)
           ^^^^^^^^^^^^^^^^^^^^^^^^^^^^^^^^^^^
  File "/Users/harshgopal/AntigravityProfiles/work/.local/share/uv/python/cpython-3.12.13-macos-aarch64-none/lib/python3.12/asyncio/base_events.py", line 691, in run_until_complete
    return future.result()
           ^^^^^^^^^^^^^^^
  File "/Users/harshgopal/AntigravityProfiles/work/.local/share/uv/python/cpython-3.12.13-macos-aarch64-none/lib/python3.12/unittest/mock.py", line 1413, in patched
    return await func(*newargs, **newkeywargs)
           ^^^^^^^^^^^^^^^^^^^^^^^^^^^^^^^^^^^
  File "/Users/harshgopal/code/myprojects/price_drop/instamart-deal-radar/backend/tests/integration/test_deal_search_end_to_end.py", line 142, in test_e2e_cancellation_and_failure_isolation
    assert "search_cancelled" in event_types
AssertionError: assert 'search_cancelled' in ['search_started', 'local_search_started', 'product_discovered', 'product_check_failed', 'local_search_completed', 'radius_expansion_started', ...]
------------------------------ Captured log call -------------------------------
ERROR    orchestrator:search_orchestrator.py:112 Local targeted fetch failed for 123: HTTP 403 Forbidden
ERROR    app.geo.store_discovery:store_discovery.py:44 Unexpected error discovering store at 12.97,77.59: POST /home/select-location/v2 -> HTTP <MagicMock name='mock.request().status_code' id='4459938400'> with a <MagicMock name='mock.request().headers.get()' id='4459997728'> body, not JSON
ERROR    app.geo.store_discovery:store_discovery.py:44 Unexpected error discovering store at 12.981748133428082,77.58303963724673: POST /home/select-location/v2 -> HTTP <MagicMock name='mock.request().status_code' id='4459938400'> with a <MagicMock name='mock.request().headers.get()' id='4459997728'> body, not JSON
ERROR    app.geo.store_discovery:store_discovery.py:44 Unexpected error discovering store at 12.981748133428082,77.59696036275328: POST /home/select-location/v2 -> HTTP <MagicMock name='mock.request().status_code' id='4459938400'> with a <MagicMock name='mock.request().headers.get()' id='4459997728'> body, not JSON
ERROR    app.geo.store_discovery:store_discovery.py:44 Unexpected error discovering store at 12.97,77.57607927449347: POST /home/select-location/v2 -> HTTP <MagicMock name='mock.request().status_code' id='4459938400'> with a <MagicMock name='mock.request().headers.get()' id='4459997728'> body, not JSON
ERROR    app.geo.store_discovery:store_discovery.py:44 Unexpected error discovering store at 12.97,77.60392072550654: POST /home/select-location/v2 -> HTTP <MagicMock name='mock.request().status_code' id='4459938400'> with a <MagicMock name='mock.request().headers.get()' id='4459997728'> body, not JSON
ERROR    app.geo.store_discovery:store_discovery.py:44 Unexpected error discovering store at 12.958251866571919,77.58303963724673: POST /home/select-location/v2 -> HTTP <MagicMock name='mock.request().status_code' id='4459938400'> with a <MagicMock name='mock.request().headers.get()' id='4459997728'> body, not JSON
ERROR    app.geo.store_discovery:store_discovery.py:44 Unexpected error discovering store at 12.958251866571919,77.59696036275328: POST /home/select-location/v2 -> HTTP <MagicMock name='mock.request().status_code' id='4459938400'> with a <MagicMock name='mock.request().headers.get()' id='4459997728'> body, not JSON
ERROR    app.geo.store_discovery:store_discovery.py:44 Unexpected error discovering store at 12.981748133428082,77.56911891174019: POST /home/select-location/v2 -> HTTP <MagicMock name='mock.request().status_code' id='4459938400'> with a <MagicMock name='mock.request().headers.get()' id='4459997728'> body, not JSON
ERROR    app.geo.store_discovery:store_discovery.py:44 Unexpected error discovering store at 12.981748133428082,77.61088108825982: POST /home/select-location/v2 -> HTTP <MagicMock name='mock.request().status_code' id='4459938400'> with a <MagicMock name='mock.request().headers.get()' id='4459997728'> body, not JSON
ERROR    app.geo.store_discovery:store_discovery.py:44 Unexpected error discovering store at 12.946503733143839,77.59: POST /home/select-location/v2 -> HTTP <MagicMock name='mock.request().status_code' id='4459938400'> with a <MagicMock name='mock.request().headers.get()' id='4459997728'> body, not JSON
ERROR    app.geo.store_discovery:store_discovery.py:44 Unexpected error discovering store at 12.993496266856162,77.59: POST /home/select-location/v2 -> HTTP <MagicMock name='mock.request().status_code' id='4459938400'> with a <MagicMock name='mock.request().headers.get()' id='4459997728'> body, not JSON
ERROR    app.geo.store_discovery:store_discovery.py:44 Unexpected error discovering store at 12.958251866571919,77.56911891174019: POST /home/select-location/v2 -> HTTP <MagicMock name='mock.request().status_code' id='4459938400'> with a <MagicMock name='mock.request().headers.get()' id='4459997728'> body, not JSON
ERROR    app.geo.store_discovery:store_discovery.py:44 Unexpected error discovering store at 12.958251866571919,77.61088108825982: POST /home/select-location/v2 -> HTTP <MagicMock name='mock.request().status_code' id='4459938400'> with a <MagicMock name='mock.request().headers.get()' id='4459997728'> body, not JSON
ERROR    app.geo.store_discovery:store_discovery.py:44 Unexpected error discovering store at 12.97,77.59: POST /home/select-location/v2 -> HTTP <MagicMock name='mock.request().status_code' id='4459938400'> with a <MagicMock name='mock.request().headers.get()' id='4459997728'> body, not JSON
ERROR    app.geo.store_discovery:store_discovery.py:44 Unexpected error discovering store at 12.981748133428082,77.58303963724673: POST /home/select-location/v2 -> HTTP <MagicMock name='mock.request().status_code' id='4459938400'> with a <MagicMock name='mock.request().headers.get()' id='4459997728'> body, not JSON
ERROR    app.geo.store_discovery:store_discovery.py:44 Unexpected error discovering store at 12.981748133428082,77.59696036275328: POST /home/select-location/v2 -> HTTP <MagicMock name='mock.request().status_code' id='4459938400'> with a <MagicMock name='mock.request().headers.get()' id='4459997728'> body, not JSON
ERROR    app.geo.store_discovery:store_discovery.py:44 Unexpected error discovering store at 12.97,77.57607927449347: POST /home/select-location/v2 -> HTTP <MagicMock name='mock.request().status_code' id='4459938400'> with a <MagicMock name='mock.request().headers.get()' id='4459997728'> body, not JSON
ERROR    app.geo.store_discovery:store_discovery.py:44 Unexpected error discovering store at 12.97,77.60392072550654: POST /home/select-location/v2 -> HTTP <MagicMock name='mock.request().status_code' id='4459938400'> with a <MagicMock name='mock.request().headers.get()' id='4459997728'> body, not JSON
ERROR    app.geo.store_discovery:store_discovery.py:44 Unexpected error discovering store at 12.958251866571919,77.58303963724673: POST /home/select-location/v2 -> HTTP <MagicMock name='mock.request().status_code' id='4459938400'> with a <MagicMock name='mock.request().headers.get()' id='4459997728'> body, not JSON
ERROR    app.geo.store_discovery:store_discovery.py:44 Unexpected error discovering store at 12.958251866571919,77.59696036275328: POST /home/select-location/v2 -> HTTP <MagicMock name='mock.request().status_code' id='4459938400'> with a <MagicMock name='mock.request().headers.get()' id='4459997728'> body, not JSON
ERROR    app.geo.store_discovery:store_discovery.py:44 Unexpected error discovering store at 12.981748133428082,77.56911891174019: POST /home/select-location/v2 -> HTTP <MagicMock name='mock.request().status_code' id='4459938400'> with a <MagicMock name='mock.request().headers.get()' id='4459997728'> body, not JSON
ERROR    app.geo.store_discovery:store_discovery.py:44 Unexpected error discovering store at 12.981748133428082,77.61088108825982: POST /home/select-location/v2 -> HTTP <MagicMock name='mock.request().status_code' id='4459938400'> with a <MagicMock name='mock.request().headers.get()' id='4459997728'> body, not JSON
ERROR    app.geo.store_discovery:store_discovery.py:44 Unexpected error discovering store at 12.946503733143839,77.59: POST /home/select-location/v2 -> HTTP <MagicMock name='mock.request().status_code' id='4459938400'> with a <MagicMock name='mock.request().headers.get()' id='4459997728'> body, not JSON
ERROR    app.geo.store_discovery:store_discovery.py:44 Unexpected error discovering store at 12.993496266856162,77.59: POST /home/select-location/v2 -> HTTP <MagicMock name='mock.request().status_code' id='4459938400'> with a <MagicMock name='mock.request().headers.get()' id='4459997728'> body, not JSON
ERROR    app.geo.store_discovery:store_discovery.py:44 Unexpected error discovering store at 12.958251866571919,77.56911891174019: POST /home/select-location/v2 -> HTTP <MagicMock name='mock.request().status_code' id='4459938400'> with a <MagicMock name='mock.request().headers.get()' id='4459997728'> body, not JSON
ERROR    app.geo.store_discovery:store_discovery.py:44 Unexpected error discovering store at 12.958251866571919,77.61088108825982: POST /home/select-location/v2 -> HTTP <MagicMock name='mock.request().status_code' id='4459938400'> with a <MagicMock name='mock.request().headers.get()' id='4459997728'> body, not JSON
ERROR    app.geo.store_discovery:store_discovery.py:44 Unexpected error discovering store at 12.993496266856162,77.57607927449347: POST /home/select-location/v2 -> HTTP <MagicMock name='mock.request().status_code' id='4459938400'> with a <MagicMock name='mock.request().headers.get()' id='4459997728'> body, not JSON
ERROR    app.geo.store_discovery:store_discovery.py:44 Unexpected error discovering store at 12.993496266856162,77.60392072550654: POST /home/select-location/v2 -> HTTP <MagicMock name='mock.request().status_code' id='4459938400'> with a <MagicMock name='mock.request().headers.get()' id='4459997728'> body, not JSON
ERROR    app.geo.store_discovery:store_discovery.py:44 Unexpected error discovering store at 12.97,77.56215854898691: POST /home/select-location/v2 -> HTTP <MagicMock name='mock.request().status_code' id='4459938400'> with a <MagicMock name='mock.request().headers.get()' id='4459997728'> body, not JSON
ERROR    app.geo.store_discovery:store_discovery.py:44 Unexpected error discovering store at 12.97,77.61784145101309: POST /home/select-location/v2 -> HTTP <MagicMock name='mock.request().status_code' id='4459938400'> with a <MagicMock name='mock.request().headers.get()' id='4459997728'> body, not JSON
ERROR    app.geo.store_discovery:store_discovery.py:44 Unexpected error discovering store at 12.946503733143839,77.57607927449347: POST /home/select-location/v2 -> HTTP <MagicMock name='mock.request().status_code' id='4459938400'> with a <MagicMock name='mock.request().headers.get()' id='4459997728'> body, not JSON
ERROR    app.geo.store_discovery:store_discovery.py:44 Unexpected error discovering store at 12.946503733143839,77.60392072550654: POST /home/select-location/v2 -> HTTP <MagicMock name='mock.request().status_code' id='4459938400'> with a <MagicMock name='mock.request().headers.get()' id='4459997728'> body, not JSON
ERROR    app.geo.store_discovery:store_discovery.py:44 Unexpected error discovering store at 12.993496266856162,77.56215854898691: POST /home/select-location/v2 -> HTTP <MagicMock name='mock.request().status_code' id='4459938400'> with a <MagicMock name='mock.request().headers.get()' id='4459997728'> body, not JSON
ERROR    app.geo.store_discovery:store_discovery.py:44 Unexpected error discovering store at 12.993496266856162,77.61784145101309: POST /home/select-location/v2 -> HTTP <MagicMock name='mock.request().status_code' id='4459938400'> with a <MagicMock name='mock.request().headers.get()' id='4459997728'> body, not JSON
ERROR    app.geo.store_discovery:store_discovery.py:44 Unexpected error discovering store at 12.981748133428082,77.55519818623364: POST /home/select-location/v2 -> HTTP <MagicMock name='mock.request().status_code' id='4459938400'> with a <MagicMock name='mock.request().headers.get()' id='4459997728'> body, not JSON
ERROR    app.geo.store_discovery:store_discovery.py:44 Unexpected error discovering store at 12.981748133428082,77.62480181376637: POST /home/select-location/v2 -> HTTP <MagicMock name='mock.request().status_code' id='4459938400'> with a <MagicMock name='mock.request().headers.get()' id='4459997728'> body, not JSON
ERROR    app.geo.store_discovery:store_discovery.py:44 Unexpected error discovering store at 13.005244400284244,77.58303963724673: POST /home/select-location/v2 -> HTTP <MagicMock name='mock.request().status_code' id='4459938400'> with a <MagicMock name='mock.request().headers.get()' id='4459997728'> body, not JSON
ERROR    app.geo.store_discovery:store_discovery.py:44 Unexpected error discovering store at 13.005244400284244,77.59696036275328: POST /home/select-location/v2 -> HTTP <MagicMock name='mock.request().status_code' id='4459938400'> with a <MagicMock name='mock.request().headers.get()' id='4459997728'> body, not JSON
ERROR    app.geo.store_discovery:store_discovery.py:44 Unexpected error discovering store at 12.934755599715757,77.58303963724673: POST /home/select-location/v2 -> HTTP <MagicMock name='mock.request().status_code' id='4459938400'> with a <MagicMock name='mock.request().headers.get()' id='4459997728'> body, not JSON
ERROR    app.geo.store_discovery:store_discovery.py:44 Unexpected error discovering store at 12.934755599715757,77.59696036275328: POST /home/select-location/v2 -> HTTP <MagicMock name='mock.request().status_code' id='4459938400'> with a <MagicMock name='mock.request().headers.get()' id='4459997728'> body, not JSON
ERROR    app.geo.store_discovery:store_discovery.py:44 Unexpected error discovering store at 12.958251866571919,77.55519818623364: POST /home/select-location/v2 -> HTTP <MagicMock name='mock.request().status_code' id='4459938400'> with a <MagicMock name='mock.request().headers.get()' id='4459997728'> body, not JSON
ERROR    app.geo.store_discovery:store_discovery.py:44 Unexpected error discovering store at 12.958251866571919,77.62480181376637: POST /home/select-location/v2 -> HTTP <MagicMock name='mock.request().status_code' id='4459938400'> with a <MagicMock name='mock.request().headers.get()' id='4459997728'> body, not JSON
ERROR    app.geo.store_discovery:store_discovery.py:44 Unexpected error discovering store at 12.946503733143839,77.56215854898691: POST /home/select-location/v2 -> HTTP <MagicMock name='mock.request().status_code' id='4459938400'> with a <MagicMock name='mock.request().headers.get()' id='4459997728'> body, not JSON
ERROR    app.geo.store_discovery:store_discovery.py:44 Unexpected error discovering store at 12.946503733143839,77.61784145101309: POST /home/select-location/v2 -> HTTP <MagicMock name='mock.request().status_code' id='4459938400'> with a <MagicMock name='mock.request().headers.get()' id='4459997728'> body, not JSON
ERROR    app.geo.store_discovery:store_discovery.py:44 Unexpected error discovering store at 13.005244400284244,77.56911891174019: POST /home/select-location/v2 -> HTTP <MagicMock name='mock.request().status_code' id='4459938400'> with a <MagicMock name='mock.request().headers.get()' id='4459997728'> body, not JSON
ERROR    app.geo.store_discovery:store_discovery.py:44 Unexpected error discovering store at 13.005244400284244,77.61088108825982: POST /home/select-location/v2 -> HTTP <MagicMock name='mock.request().status_code' id='4459938400'> with a <MagicMock name='mock.request().headers.get()' id='4459997728'> body, not JSON
ERROR    app.geo.store_discovery:store_discovery.py:44 Unexpected error discovering store at 12.97,77.54823782348038: POST /home/select-location/v2 -> HTTP <MagicMock name='mock.request().status_code' id='4459938400'> with a <MagicMock name='mock.request().headers.get()' id='4459997728'> body, not JSON
ERROR    app.geo.store_discovery:store_discovery.py:44 Unexpected error discovering store at 12.97,77.63176217651963: POST /home/select-location/v2 -> HTTP <MagicMock name='mock.request().status_code' id='4459938400'> with a <MagicMock name='mock.request().headers.get()' id='4459997728'> body, not JSON
ERROR    app.geo.store_discovery:store_discovery.py:44 Unexpected error discovering store at 12.934755599715757,77.56911891174019: POST /home/select-location/v2 -> HTTP <MagicMock name='mock.request().status_code' id='4459938400'> with a <MagicMock name='mock.request().headers.get()' id='4459997728'> body, not JSON
ERROR    app.geo.store_discovery:store_discovery.py:44 Unexpected error discovering store at 12.934755599715757,77.61088108825982: POST /home/select-location/v2 -> HTTP <MagicMock name='mock.request().status_code' id='4459938400'> with a <MagicMock name='mock.request().headers.get()' id='4459997728'> body, not JSON
ERROR    app.geo.store_discovery:store_discovery.py:44 Unexpected error discovering store at 12.97,77.59: POST /home/select-location/v2 -> HTTP <MagicMock name='mock.request().status_code' id='4459938400'> with a <MagicMock name='mock.request().headers.get()' id='4459997728'> body, not JSON
ERROR    app.geo.store_discovery:store_discovery.py:44 Unexpected error discovering store at 12.981748133428082,77.58303963724673: POST /home/select-location/v2 -> HTTP <MagicMock name='mock.request().status_code' id='4459938400'> with a <MagicMock name='mock.request().headers.get()' id='4459997728'> body, not JSON
ERROR    app.geo.store_discovery:store_discovery.py:44 Unexpected error discovering store at 12.981748133428082,77.59696036275328: POST /home/select-location/v2 -> HTTP <MagicMock name='mock.request().status_code' id='4459938400'> with a <MagicMock name='mock.request().headers.get()' id='4459997728'> body, not JSON
ERROR    app.geo.store_discovery:store_discovery.py:44 Unexpected error discovering store at 12.97,77.57607927449347: POST /home/select-location/v2 -> HTTP <MagicMock name='mock.request().status_code' id='4459938400'> with a <MagicMock name='mock.request().headers.get()' id='4459997728'> body, not JSON
ERROR    app.geo.store_discovery:store_discovery.py:44 Unexpected error discovering store at 12.97,77.60392072550654: POST /home/select-location/v2 -> HTTP <MagicMock name='mock.request().status_code' id='4459938400'> with a <MagicMock name='mock.request().headers.get()' id='4459997728'> body, not JSON
ERROR    app.geo.store_discovery:store_discovery.py:44 Unexpected error discovering store at 12.958251866571919,77.58303963724673: POST /home/select-location/v2 -> HTTP <MagicMock name='mock.request().status_code' id='4459938400'> with a <MagicMock name='mock.request().headers.get()' id='4459997728'> body, not JSON
ERROR    app.geo.store_discovery:store_discovery.py:44 Unexpected error discovering store at 12.958251866571919,77.59696036275328: POST /home/select-location/v2 -> HTTP <MagicMock name='mock.request().status_code' id='4459938400'> with a <MagicMock name='mock.request().headers.get()' id='4459997728'> body, not JSON
ERROR    app.geo.store_discovery:store_discovery.py:44 Unexpected error discovering store at 12.981748133428082,77.56911891174019: POST /home/select-location/v2 -> HTTP <MagicMock name='mock.request().status_code' id='4459938400'> with a <MagicMock name='mock.request().headers.get()' id='4459997728'> body, not JSON
ERROR    app.geo.store_discovery:store_discovery.py:44 Unexpected error discovering store at 12.981748133428082,77.61088108825982: POST /home/select-location/v2 -> HTTP <MagicMock name='mock.request().status_code' id='4459938400'> with a <MagicMock name='mock.request().headers.get()' id='4459997728'> body, not JSON
ERROR    app.geo.store_discovery:store_discovery.py:44 Unexpected error discovering store at 12.946503733143839,77.59: POST /home/select-location/v2 -> HTTP <MagicMock name='mock.request().status_code' id='4459938400'> with a <MagicMock name='mock.request().headers.get()' id='4459997728'> body, not JSON
ERROR    app.geo.store_discovery:store_discovery.py:44 Unexpected error discovering store at 12.993496266856162,77.59: POST /home/select-location/v2 -> HTTP <MagicMock name='mock.request().status_code' id='4459938400'> with a <MagicMock name='mock.request().headers.get()' id='4459997728'> body, not JSON
ERROR    app.geo.store_discovery:store_discovery.py:44 Unexpected error discovering store at 12.958251866571919,77.56911891174019: POST /home/select-location/v2 -> HTTP <MagicMock name='mock.request().status_code' id='4459938400'> with a <MagicMock name='mock.request().headers.get()' id='4459997728'> body, not JSON
ERROR    app.geo.store_discovery:store_discovery.py:44 Unexpected error discovering store at 12.958251866571919,77.61088108825982: POST /home/select-location/v2 -> HTTP <MagicMock name='mock.request().status_code' id='4459938400'> with a <MagicMock name='mock.request().headers.get()' id='4459997728'> body, not JSON
ERROR    app.geo.store_discovery:store_discovery.py:44 Unexpected error discovering store at 12.993496266856162,77.57607927449347: POST /home/select-location/v2 -> HTTP <MagicMock name='mock.request().status_code' id='4459938400'> with a <MagicMock name='mock.request().headers.get()' id='4459997728'> body, not JSON
ERROR    app.geo.store_discovery:store_discovery.py:44 Unexpected error discovering store at 12.993496266856162,77.60392072550654: POST /home/select-location/v2 -> HTTP <MagicMock name='mock.request().status_code' id='4459938400'> with a <MagicMock name='mock.request().headers.get()' id='4459997728'> body, not JSON
ERROR    app.geo.store_discovery:store_discovery.py:44 Unexpected error discovering store at 12.97,77.56215854898691: POST /home/select-location/v2 -> HTTP <MagicMock name='mock.request().status_code' id='4459938400'> with a <MagicMock name='mock.request().headers.get()' id='4459997728'> body, not JSON
ERROR    app.geo.store_discovery:store_discovery.py:44 Unexpected error discovering store at 12.97,77.61784145101309: POST /home/select-location/v2 -> HTTP <MagicMock name='mock.request().status_code' id='4459938400'> with a <MagicMock name='mock.request().headers.get()' id='4459997728'> body, not JSON
ERROR    app.geo.store_discovery:store_discovery.py:44 Unexpected error discovering store at 12.946503733143839,77.57607927449347: POST /home/select-location/v2 -> HTTP <MagicMock name='mock.request().status_code' id='4459938400'> with a <MagicMock name='mock.request().headers.get()' id='4459997728'> body, not JSON
ERROR    app.geo.store_discovery:store_discovery.py:44 Unexpected error discovering store at 12.946503733143839,77.60392072550654: POST /home/select-location/v2 -> HTTP <MagicMock name='mock.request().status_code' id='4459938400'> with a <MagicMock name='mock.request().headers.get()' id='4459997728'> body, not JSON
ERROR    app.geo.store_discovery:store_discovery.py:44 Unexpected error discovering store at 12.993496266856162,77.56215854898691: POST /home/select-location/v2 -> HTTP <MagicMock name='mock.request().status_code' id='4459938400'> with a <MagicMock name='mock.request().headers.get()' id='4459997728'> body, not JSON
ERROR    app.geo.store_discovery:store_discovery.py:44 Unexpected error discovering store at 12.993496266856162,77.61784145101309: POST /home/select-location/v2 -> HTTP <MagicMock name='mock.request().status_code' id='4459938400'> with a <MagicMock name='mock.request().headers.get()' id='4459997728'> body, not JSON
ERROR    app.geo.store_discovery:store_discovery.py:44 Unexpected error discovering store at 12.981748133428082,77.55519818623364: POST /home/select-location/v2 -> HTTP <MagicMock name='mock.request().status_code' id='4459938400'> with a <MagicMock name='mock.request().headers.get()' id='4459997728'> body, not JSON
ERROR    app.geo.store_discovery:store_discovery.py:44 Unexpected error discovering store at 12.981748133428082,77.62480181376637: POST /home/select-location/v2 -> HTTP <MagicMock name='mock.request().status_code' id='4459938400'> with a <MagicMock name='mock.request().headers.get()' id='4459997728'> body, not JSON
ERROR    app.geo.store_discovery:store_discovery.py:44 Unexpected error discovering store at 13.005244400284244,77.58303963724673: POST /home/select-location/v2 -> HTTP <MagicMock name='mock.request().status_code' id='4459938400'> with a <MagicMock name='mock.request().headers.get()' id='4459997728'> body, not JSON
ERROR    app.geo.store_discovery:store_discovery.py:44 Unexpected error discovering store at 13.005244400284244,77.59696036275328: POST /home/select-location/v2 -> HTTP <MagicMock name='mock.request().status_code' id='4459938400'> with a <MagicMock name='mock.request().headers.get()' id='4459997728'> body, not JSON
ERROR    app.geo.store_discovery:store_discovery.py:44 Unexpected error discovering store at 12.934755599715757,77.58303963724673: POST /home/select-location/v2 -> HTTP <MagicMock name='mock.request().status_code' id='4459938400'> with a <MagicMock name='mock.request().headers.get()' id='4459997728'> body, not JSON
ERROR    app.geo.store_discovery:store_discovery.py:44 Unexpected error discovering store at 12.934755599715757,77.59696036275328: POST /home/select-location/v2 -> HTTP <MagicMock name='mock.request().status_code' id='4459938400'> with a <MagicMock name='mock.request().headers.get()' id='4459997728'> body, not JSON
ERROR    app.geo.store_discovery:store_discovery.py:44 Unexpected error discovering store at 12.958251866571919,77.55519818623364: POST /home/select-location/v2 -> HTTP <MagicMock name='mock.request().status_code' id='4459938400'> with a <MagicMock name='mock.request().headers.get()' id='4459997728'> body, not JSON
ERROR    app.geo.store_discovery:store_discovery.py:44 Unexpected error discovering store at 12.958251866571919,77.62480181376637: POST /home/select-location/v2 -> HTTP <MagicMock name='mock.request().status_code' id='4459938400'> with a <MagicMock name='mock.request().headers.get()' id='4459997728'> body, not JSON
ERROR    app.geo.store_discovery:store_discovery.py:44 Unexpected error discovering store at 12.946503733143839,77.56215854898691: POST /home/select-location/v2 -> HTTP <MagicMock name='mock.request().status_code' id='4459938400'> with a <MagicMock name='mock.request().headers.get()' id='4459997728'> body, not JSON
ERROR    app.geo.store_discovery:store_discovery.py:44 Unexpected error discovering store at 12.946503733143839,77.61784145101309: POST /home/select-location/v2 -> HTTP <MagicMock name='mock.request().status_code' id='4459938400'> with a <MagicMock name='mock.request().headers.get()' id='4459997728'> body, not JSON
ERROR    app.geo.store_discovery:store_discovery.py:44 Unexpected error discovering store at 13.005244400284244,77.56911891174019: POST /home/select-location/v2 -> HTTP <MagicMock name='mock.request().status_code' id='4459938400'> with a <MagicMock name='mock.request().headers.get()' id='4459997728'> body, not JSON
ERROR    app.geo.store_discovery:store_discovery.py:44 Unexpected error discovering store at 13.005244400284244,77.61088108825982: POST /home/select-location/v2 -> HTTP <MagicMock name='mock.request().status_code' id='4459938400'> with a <MagicMock name='mock.request().headers.get()' id='4459997728'> body, not JSON
ERROR    app.geo.store_discovery:store_discovery.py:44 Unexpected error discovering store at 12.97,77.54823782348038: POST /home/select-location/v2 -> HTTP <MagicMock name='mock.request().status_code' id='4459938400'> with a <MagicMock name='mock.request().headers.get()' id='4459997728'> body, not JSON
ERROR    app.geo.store_discovery:store_discovery.py:44 Unexpected error discovering store at 12.97,77.63176217651963: POST /home/select-location/v2 -> HTTP <MagicMock name='mock.request().status_code' id='4459938400'> with a <MagicMock name='mock.request().headers.get()' id='4459997728'> body, not JSON
ERROR    app.geo.store_discovery:store_discovery.py:44 Unexpected error discovering store at 12.934755599715757,77.56911891174019: POST /home/select-location/v2 -> HTTP <MagicMock name='mock.request().status_code' id='4459938400'> with a <MagicMock name='mock.request().headers.get()' id='4459997728'> body, not JSON
ERROR    app.geo.store_discovery:store_discovery.py:44 Unexpected error discovering store at 12.934755599715757,77.61088108825982: POST /home/select-location/v2 -> HTTP <MagicMock name='mock.request().status_code' id='4459938400'> with a <MagicMock name='mock.request().headers.get()' id='4459997728'> body, not JSON
ERROR    app.geo.store_discovery:store_discovery.py:44 Unexpected error discovering store at 12.993496266856162,77.54823782348038: POST /home/select-location/v2 -> HTTP <MagicMock name='mock.request().status_code' id='4459938400'> with a <MagicMock name='mock.request().headers.get()' id='4459997728'> body, not JSON
ERROR    app.geo.store_discovery:store_discovery.py:44 Unexpected error discovering store at 12.993496266856162,77.63176217651963: POST /home/select-location/v2 -> HTTP <MagicMock name='mock.request().status_code' id='4459938400'> with a <MagicMock name='mock.request().headers.get()' id='4459997728'> body, not JSON
ERROR    app.geo.store_discovery:store_discovery.py:44 Unexpected error discovering store at 12.923007466287675,77.59: POST /home/select-location/v2 -> HTTP <MagicMock name='mock.request().status_code' id='4459938400'> with a <MagicMock name='mock.request().headers.get()' id='4459997728'> body, not JSON
ERROR    app.geo.store_discovery:store_discovery.py:44 Unexpected error discovering store at 13.016992533712326,77.59: POST /home/select-location/v2 -> HTTP <MagicMock name='mock.request().status_code' id='4459938400'> with a <MagicMock name='mock.request().headers.get()' id='4459997728'> body, not JSON
ERROR    app.geo.store_discovery:store_discovery.py:44 Unexpected error discovering store at 12.946503733143839,77.54823782348038: POST /home/select-location/v2 -> HTTP <MagicMock name='mock.request().status_code' id='4459938400'> with a <MagicMock name='mock.request().headers.get()' id='4459997728'> body, not JSON
ERROR    app.geo.store_discovery:store_discovery.py:44 Unexpected error discovering store at 12.946503733143839,77.63176217651963: POST /home/select-location/v2 -> HTTP <MagicMock name='mock.request().status_code' id='4459938400'> with a <MagicMock name='mock.request().headers.get()' id='4459997728'> body, not JSON
ERROR    app.geo.store_discovery:store_discovery.py:44 Unexpected error discovering store at 13.005244400284244,77.55519818623364: POST /home/select-location/v2 -> HTTP <MagicMock name='mock.request().status_code' id='4459938400'> with a <MagicMock name='mock.request().headers.get()' id='4459997728'> body, not JSON
ERROR    app.geo.store_discovery:store_discovery.py:44 Unexpected error discovering store at 13.005244400284244,77.62480181376637: POST /home/select-location/v2 -> HTTP <MagicMock name='mock.request().status_code' id='4459938400'> with a <MagicMock name='mock.request().headers.get()' id='4459997728'> body, not JSON
ERROR    app.geo.store_discovery:store_discovery.py:44 Unexpected error discovering store at 12.981748133428082,77.5412774607271: POST /home/select-location/v2 -> HTTP <MagicMock name='mock.request().status_code' id='4459938400'> with a <MagicMock name='mock.request().headers.get()' id='4459997728'> body, not JSON
ERROR    app.geo.store_discovery:store_discovery.py:44 Unexpected error discovering store at 12.981748133428082,77.6387225392729: POST /home/select-location/v2 -> HTTP <MagicMock name='mock.request().status_code' id='4459938400'> with a <MagicMock name='mock.request().headers.get()' id='4459997728'> body, not JSON
ERROR    app.geo.store_discovery:store_discovery.py:44 Unexpected error discovering store at 13.016992533712326,77.57607927449347: POST /home/select-location/v2 -> HTTP <MagicMock name='mock.request().status_code' id='4459938400'> with a <MagicMock name='mock.request().headers.get()' id='4459997728'> body, not JSON
ERROR    app.geo.store_discovery:store_discovery.py:44 Unexpected error discovering store at 13.016992533712326,77.60392072550654: POST /home/select-location/v2 -> HTTP <MagicMock name='mock.request().status_code' id='4459938400'> with a <MagicMock name='mock.request().headers.get()' id='4459997728'> body, not JSON
ERROR    app.geo.store_discovery:store_discovery.py:44 Unexpected error discovering store at 12.923007466287675,77.57607927449347: POST /home/select-location/v2 -> HTTP <MagicMock name='mock.request().status_code' id='4459938400'> with a <MagicMock name='mock.request().headers.get()' id='4459997728'> body, not JSON
ERROR    app.geo.store_discovery:store_discovery.py:44 Unexpected error discovering store at 12.923007466287675,77.60392072550654: POST /home/select-location/v2 -> HTTP <MagicMock name='mock.request().status_code' id='4459938400'> with a <MagicMock name='mock.request().headers.get()' id='4459997728'> body, not JSON
ERROR    app.geo.store_discovery:store_discovery.py:44 Unexpected error discovering store at 12.958251866571919,77.5412774607271: POST /home/select-location/v2 -> HTTP <MagicMock name='mock.request().status_code' id='4459938400'> with a <MagicMock name='mock.request().headers.get()' id='4459997728'> body, not JSON
ERROR    app.geo.store_discovery:store_discovery.py:44 Unexpected error discovering store at 12.958251866571919,77.6387225392729: POST /home/select-location/v2 -> HTTP <MagicMock name='mock.request().status_code' id='4459938400'> with a <MagicMock name='mock.request().headers.get()' id='4459997728'> body, not JSON
ERROR    app.geo.store_discovery:store_discovery.py:44 Unexpected error discovering store at 12.934755599715757,77.55519818623364: POST /home/select-location/v2 -> HTTP <MagicMock name='mock.request().status_code' id='4459938400'> with a <MagicMock name='mock.request().headers.get()' id='4459997728'> body, not JSON
ERROR    app.geo.store_discovery:store_discovery.py:44 Unexpected error discovering store at 12.934755599715757,77.62480181376637: POST /home/select-location/v2 -> HTTP <MagicMock name='mock.request().status_code' id='4459938400'> with a <MagicMock name='mock.request().headers.get()' id='4459997728'> body, not JSON
ERROR    app.geo.store_discovery:store_discovery.py:44 Unexpected error discovering store at 13.016992533712326,77.56215854898691: POST /home/select-location/v2 -> HTTP <MagicMock name='mock.request().status_code' id='4459938400'> with a <MagicMock name='mock.request().headers.get()' id='4459997728'> body, not JSON
ERROR    app.geo.store_discovery:store_discovery.py:44 Unexpected error discovering store at 13.016992533712326,77.61784145101309: POST /home/select-location/v2 -> HTTP <MagicMock name='mock.request().status_code' id='4459938400'> with a <MagicMock name='mock.request().headers.get()' id='4459997728'> body, not JSON
ERROR    app.geo.store_discovery:store_discovery.py:44 Unexpected error discovering store at 12.97,77.53431709797383: POST /home/select-location/v2 -> HTTP <MagicMock name='mock.request().status_code' id='4459938400'> with a <MagicMock name='mock.request().headers.get()' id='4459997728'> body, not JSON
ERROR    app.geo.store_discovery:store_discovery.py:44 Unexpected error discovering store at 12.97,77.64568290202618: POST /home/select-location/v2 -> HTTP <MagicMock name='mock.request().status_code' id='4459938400'> with a <MagicMock name='mock.request().headers.get()' id='4459997728'> body, not JSON
ERROR    app.geo.store_discovery:store_discovery.py:44 Unexpected error discovering store at 12.923007466287675,77.56215854898691: POST /home/select-location/v2 -> HTTP <MagicMock name='mock.request().status_code' id='4459938400'> with a <MagicMock name='mock.request().headers.get()' id='4459997728'> body, not JSON
ERROR    app.geo.store_discovery:store_discovery.py:44 Unexpected error discovering store at 12.923007466287675,77.61784145101309: POST /home/select-location/v2 -> HTTP <MagicMock name='mock.request().status_code' id='4459938400'> with a <MagicMock name='mock.request().headers.get()' id='4459997728'> body, not JSON
ERROR    app.geo.store_discovery:store_discovery.py:44 Unexpected error discovering store at 13.005244400284244,77.5412774607271: POST /home/select-location/v2 -> HTTP <MagicMock name='mock.request().status_code' id='4459938400'> with a <MagicMock name='mock.request().headers.get()' id='4459997728'> body, not JSON
ERROR    app.geo.store_discovery:store_discovery.py:44 Unexpected error discovering store at 13.005244400284244,77.6387225392729: POST /home/select-location/v2 -> HTTP <MagicMock name='mock.request().status_code' id='4459938400'> with a <MagicMock name='mock.request().headers.get()' id='4459997728'> body, not JSON
ERROR    app.geo.store_discovery:store_discovery.py:44 Unexpected error discovering store at 12.993496266856162,77.53431709797383: POST /home/select-location/v2 -> HTTP <MagicMock name='mock.request().status_code' id='4459938400'> with a <MagicMock name='mock.request().headers.get()' id='4459997728'> body, not JSON
ERROR    app.geo.store_discovery:store_discovery.py:44 Unexpected error discovering store at 12.993496266856162,77.64568290202618: POST /home/select-location/v2 -> HTTP <MagicMock name='mock.request().status_code' id='4459938400'> with a <MagicMock name='mock.request().headers.get()' id='4459997728'> body, not JSON
ERROR    app.geo.store_discovery:store_discovery.py:44 Unexpected error discovering store at 13.028740667140408,77.58303963724673: POST /home/select-location/v2 -> HTTP <MagicMock name='mock.request().status_code' id='4459938400'> with a <MagicMock name='mock.request().headers.get()' id='4459997728'> body, not JSON
ERROR    app.geo.store_discovery:store_discovery.py:44 Unexpected error discovering store at 13.028740667140408,77.59696036275328: POST /home/select-location/v2 -> HTTP <MagicMock name='mock.request().status_code' id='4459938400'> with a <MagicMock name='mock.request().headers.get()' id='4459997728'> body, not JSON
ERROR    app.geo.store_discovery:store_discovery.py:44 Unexpected error discovering store at 12.911259332859593,77.58303963724673: POST /home/select-location/v2 -> HTTP <MagicMock name='mock.request().status_code' id='4459938400'> with a <MagicMock name='mock.request().headers.get()' id='4459997728'> body, not JSON
ERROR    app.geo.store_discovery:store_discovery.py:44 Unexpected error discovering store at 12.911259332859593,77.59696036275328: POST /home/select-location/v2 -> HTTP <MagicMock name='mock.request().status_code' id='4459938400'> with a <MagicMock name='mock.request().headers.get()' id='4459997728'> body, not JSON
ERROR    app.geo.store_discovery:store_discovery.py:44 Unexpected error discovering store at 12.946503733143839,77.53431709797383: POST /home/select-location/v2 -> HTTP <MagicMock name='mock.request().status_code' id='4459938400'> with a <MagicMock name='mock.request().headers.get()' id='4459997728'> body, not JSON
ERROR    app.geo.store_discovery:store_discovery.py:44 Unexpected error discovering store at 12.946503733143839,77.64568290202618: POST /home/select-location/v2 -> HTTP <MagicMock name='mock.request().status_code' id='4459938400'> with a <MagicMock name='mock.request().headers.get()' id='4459997728'> body, not JSON
ERROR    app.geo.store_discovery:store_discovery.py:44 Unexpected error discovering store at 12.934755599715757,77.5412774607271: POST /home/select-location/v2 -> HTTP <MagicMock name='mock.request().status_code' id='4459938400'> with a <MagicMock name='mock.request().headers.get()' id='4459997728'> body, not JSON
ERROR    app.geo.store_discovery:store_discovery.py:44 Unexpected error discovering store at 12.934755599715757,77.6387225392729: POST /home/select-location/v2 -> HTTP <MagicMock name='mock.request().status_code' id='4459938400'> with a <MagicMock name='mock.request().headers.get()' id='4459997728'> body, not JSON
ERROR    app.geo.store_discovery:store_discovery.py:44 Unexpected error discovering store at 13.016992533712326,77.54823782348038: POST /home/select-location/v2 -> HTTP <MagicMock name='mock.request().status_code' id='4459938400'> with a <MagicMock name='mock.request().headers.get()' id='4459997728'> body, not JSON
ERROR    app.geo.store_discovery:store_discovery.py:44 Unexpected error discovering store at 13.016992533712326,77.63176217651963: POST /home/select-location/v2 -> HTTP <MagicMock name='mock.request().status_code' id='4459938400'> with a <MagicMock name='mock.request().headers.get()' id='4459997728'> body, not JSON
ERROR    app.geo.store_discovery:store_discovery.py:44 Unexpected error discovering store at 12.981748133428082,77.52735673522055: POST /home/select-location/v2 -> HTTP <MagicMock name='mock.request().status_code' id='4459938400'> with a <MagicMock name='mock.request().headers.get()' id='4459997728'> body, not JSON
ERROR    app.geo.store_discovery:store_discovery.py:44 Unexpected error discovering store at 12.981748133428082,77.65264326477946: POST /home/select-location/v2 -> HTTP <MagicMock name='mock.request().status_code' id='4459938400'> with a <MagicMock name='mock.request().headers.get()' id='4459997728'> body, not JSON
ERROR    app.geo.store_discovery:store_discovery.py:44 Unexpected error discovering store at 13.028740667140408,77.56911891174019: POST /home/select-location/v2 -> HTTP <MagicMock name='mock.request().status_code' id='4459938400'> with a <MagicMock name='mock.request().headers.get()' id='4459997728'> body, not JSON
ERROR    app.geo.store_discovery:store_discovery.py:44 Unexpected error discovering store at 13.028740667140408,77.61088108825982: POST /home/select-location/v2 -> HTTP <MagicMock name='mock.request().status_code' id='4459938400'> with a <MagicMock name='mock.request().headers.get()' id='4459997728'> body, not JSON
ERROR    app.geo.store_discovery:store_discovery.py:44 Unexpected error discovering store at 12.911259332859593,77.56911891174019: POST /home/select-location/v2 -> HTTP <MagicMock name='mock.request().status_code' id='4459938400'> with a <MagicMock name='mock.request().headers.get()' id='4459997728'> body, not JSON
ERROR    app.geo.store_discovery:store_discovery.py:44 Unexpected error discovering store at 12.911259332859593,77.61088108825982: POST /home/select-location/v2 -> HTTP <MagicMock name='mock.request().status_code' id='4459938400'> with a <MagicMock name='mock.request().headers.get()' id='4459997728'> body, not JSON
ERROR    app.geo.store_discovery:store_discovery.py:44 Unexpected error discovering store at 12.958251866571919,77.52735673522055: POST /home/select-location/v2 -> HTTP <MagicMock name='mock.request().status_code' id='4459938400'> with a <MagicMock name='mock.request().headers.get()' id='4459997728'> body, not JSON
ERROR    app.geo.store_discovery:store_discovery.py:44 Unexpected error discovering store at 12.958251866571919,77.65264326477946: POST /home/select-location/v2 -> HTTP <MagicMock name='mock.request().status_code' id='4459938400'> with a <MagicMock name='mock.request().headers.get()' id='4459997728'> body, not JSON
ERROR    app.geo.store_discovery:store_discovery.py:44 Unexpected error discovering store at 12.923007466287675,77.54823782348038: POST /home/select-location/v2 -> HTTP <MagicMock name='mock.request().status_code' id='4459938400'> with a <MagicMock name='mock.request().headers.get()' id='4459997728'> body, not JSON
ERROR    app.geo.store_discovery:store_discovery.py:44 Unexpected error discovering store at 12.923007466287675,77.63176217651963: POST /home/select-location/v2 -> HTTP <MagicMock name='mock.request().status_code' id='4459938400'> with a <MagicMock name='mock.request().headers.get()' id='4459997728'> body, not JSON
ERROR    app.geo.store_discovery:store_discovery.py:44 Unexpected error discovering store at 13.028740667140408,77.55519818623364: POST /home/select-location/v2 -> HTTP <MagicMock name='mock.request().status_code' id='4459938400'> with a <MagicMock name='mock.request().headers.get()' id='4459997728'> body, not JSON
ERROR    app.geo.store_discovery:store_discovery.py:44 Unexpected error discovering store at 13.028740667140408,77.62480181376637: POST /home/select-location/v2 -> HTTP <MagicMock name='mock.request().status_code' id='4459938400'> with a <MagicMock name='mock.request().headers.get()' id='4459997728'> body, not JSON
ERROR    app.geo.store_discovery:store_discovery.py:44 Unexpected error discovering store at 12.97,77.52039637246729: POST /home/select-location/v2 -> HTTP <MagicMock name='mock.request().status_code' id='4459938400'> with a <MagicMock name='mock.request().headers.get()' id='4459997728'> body, not JSON
ERROR    app.geo.store_discovery:store_discovery.py:44 Unexpected error discovering store at 12.97,77.65960362753272: POST /home/select-location/v2 -> HTTP <MagicMock name='mock.request().status_code' id='4459938400'> with a <MagicMock name='mock.request().headers.get()' id='4459997728'> body, not JSON
ERROR    app.geo.store_discovery:store_discovery.py:44 Unexpected error discovering store at 12.911259332859593,77.55519818623364: POST /home/select-location/v2 -> HTTP <MagicMock name='mock.request().status_code' id='4459938400'> with a <MagicMock name='mock.request().headers.get()' id='4459997728'> body, not JSON
ERROR    app.geo.store_discovery:store_discovery.py:44 Unexpected error discovering store at 12.911259332859593,77.62480181376637: POST /home/select-location/v2 -> HTTP <MagicMock name='mock.request().status_code' id='4459938400'> with a <MagicMock name='mock.request().headers.get()' id='4459997728'> body, not JSON
ERROR    app.geo.store_discovery:store_discovery.py:44 Unexpected error discovering store at 13.005244400284244,77.52735673522055: POST /home/select-location/v2 -> HTTP <MagicMock name='mock.request().status_code' id='4459938400'> with a <MagicMock name='mock.request().headers.get()' id='4459997728'> body, not JSON
ERROR    app.geo.store_discovery:store_discovery.py:44 Unexpected error discovering store at 13.005244400284244,77.65264326477946: POST /home/select-location/v2 -> HTTP <MagicMock name='mock.request().status_code' id='4459938400'> with a <MagicMock name='mock.request().headers.get()' id='4459997728'> body, not JSON
ERROR    app.geo.store_discovery:store_discovery.py:44 Unexpected error discovering store at 12.899511199431513,77.59: POST /home/select-location/v2 -> HTTP <MagicMock name='mock.request().status_code' id='4459938400'> with a <MagicMock name='mock.request().headers.get()' id='4459997728'> body, not JSON
ERROR    app.geo.store_discovery:store_discovery.py:44 Unexpected error discovering store at 13.040488800568488,77.59: POST /home/select-location/v2 -> HTTP <MagicMock name='mock.request().status_code' id='4459938400'> with a <MagicMock name='mock.request().headers.get()' id='4459997728'> body, not JSON
ERROR    app.geo.store_discovery:store_discovery.py:44 Unexpected error discovering store at 12.934755599715757,77.52735673522055: POST /home/select-location/v2 -> HTTP <MagicMock name='mock.request().status_code' id='4459938400'> with a <MagicMock name='mock.request().headers.get()' id='4459997728'> body, not JSON
ERROR    app.geo.store_discovery:store_discovery.py:44 Unexpected error discovering store at 12.934755599715757,77.65264326477946: POST /home/select-location/v2 -> HTTP <MagicMock name='mock.request().status_code' id='4459938400'> with a <MagicMock name='mock.request().headers.get()' id='4459997728'> body, not JSON
ERROR    app.geo.store_discovery:store_discovery.py:44 Unexpected error discovering store at 13.016992533712326,77.53431709797383: POST /home/select-location/v2 -> HTTP <MagicMock name='mock.request().status_code' id='4459938400'> with a <MagicMock name='mock.request().headers.get()' id='4459997728'> body, not JSON
ERROR    app.geo.store_discovery:store_discovery.py:44 Unexpected error discovering store at 13.016992533712326,77.64568290202618: POST /home/select-location/v2 -> HTTP <MagicMock name='mock.request().status_code' id='4459938400'> with a <MagicMock name='mock.request().headers.get()' id='4459997728'> body, not JSON
ERROR    app.geo.store_discovery:store_discovery.py:44 Unexpected error discovering store at 12.993496266856162,77.52039637246729: POST /home/select-location/v2 -> HTTP <MagicMock name='mock.request().status_code' id='4459938400'> with a <MagicMock name='mock.request().headers.get()' id='4459997728'> body, not JSON
ERROR    app.geo.store_discovery:store_discovery.py:44 Unexpected error discovering store at 12.993496266856162,77.65960362753272: POST /home/select-location/v2 -> HTTP <MagicMock name='mock.request().status_code' id='4459938400'> with a <MagicMock name='mock.request().headers.get()' id='4459997728'> body, not JSON
ERROR    app.geo.store_discovery:store_discovery.py:44 Unexpected error discovering store at 13.040488800568488,77.57607927449347: POST /home/select-location/v2 -> HTTP <MagicMock name='mock.request().status_code' id='4459938400'> with a <MagicMock name='mock.request().headers.get()' id='4459997728'> body, not JSON
ERROR    app.geo.store_discovery:store_discovery.py:44 Unexpected error discovering store at 13.040488800568488,77.60392072550654: POST /home/select-location/v2 -> HTTP <MagicMock name='mock.request().status_code' id='4459938400'> with a <MagicMock name='mock.request().headers.get()' id='4459997728'> body, not JSON
ERROR    app.geo.store_discovery:store_discovery.py:44 Unexpected error discovering store at 12.899511199431513,77.57607927449347: POST /home/select-location/v2 -> HTTP <MagicMock name='mock.request().status_code' id='4459938400'> with a <MagicMock name='mock.request().headers.get()' id='4459997728'> body, not JSON
ERROR    app.geo.store_discovery:store_discovery.py:44 Unexpected error discovering store at 12.899511199431513,77.60392072550654: POST /home/select-location/v2 -> HTTP <MagicMock name='mock.request().status_code' id='4459938400'> with a <MagicMock name='mock.request().headers.get()' id='4459997728'> body, not JSON
ERROR    app.geo.store_discovery:store_discovery.py:44 Unexpected error discovering store at 12.946503733143839,77.52039637246729: POST /home/select-location/v2 -> HTTP <MagicMock name='mock.request().status_code' id='4459938400'> with a <MagicMock name='mock.request().headers.get()' id='4459997728'> body, not JSON
ERROR    app.geo.store_discovery:store_discovery.py:44 Unexpected error discovering store at 12.946503733143839,77.65960362753272: POST /home/select-location/v2 -> HTTP <MagicMock name='mock.request().status_code' id='4459938400'> with a <MagicMock name='mock.request().headers.get()' id='4459997728'> body, not JSON
ERROR    app.geo.store_discovery:store_discovery.py:44 Unexpected error discovering store at 12.923007466287675,77.53431709797383: POST /home/select-location/v2 -> HTTP <MagicMock name='mock.request().status_code' id='4459938400'> with a <MagicMock name='mock.request().headers.get()' id='4459997728'> body, not JSON
ERROR    app.geo.store_discovery:store_discovery.py:44 Unexpected error discovering store at 12.923007466287675,77.64568290202618: POST /home/select-location/v2 -> HTTP <MagicMock name='mock.request().status_code' id='4459938400'> with a <MagicMock name='mock.request().headers.get()' id='4459997728'> body, not JSON
ERROR    app.geo.store_discovery:store_discovery.py:44 Unexpected error discovering store at 13.028740667140408,77.5412774607271: POST /home/select-location/v2 -> HTTP <MagicMock name='mock.request().status_code' id='4459938400'> with a <MagicMock name='mock.request().headers.get()' id='4459997728'> body, not JSON
ERROR    app.geo.store_discovery:store_discovery.py:44 Unexpected error discovering store at 13.028740667140408,77.6387225392729: POST /home/select-location/v2 -> HTTP <MagicMock name='mock.request().status_code' id='4459938400'> with a <MagicMock name='mock.request().headers.get()' id='4459997728'> body, not JSON
ERROR    app.geo.store_discovery:store_discovery.py:44 Unexpected error discovering store at 12.981748133428082,77.51343600971401: POST /home/select-location/v2 -> HTTP <MagicMock name='mock.request().status_code' id='4459938400'> with a <MagicMock name='mock.request().headers.get()' id='4459997728'> body, not JSON
ERROR    app.geo.store_discovery:store_discovery.py:44 Unexpected error discovering store at 12.981748133428082,77.666563990286: POST /home/select-location/v2 -> HTTP <MagicMock name='mock.request().status_code' id='4459938400'> with a <MagicMock name='mock.request().headers.get()' id='4459997728'> body, not JSON
ERROR    app.geo.store_discovery:store_discovery.py:44 Unexpected error discovering store at 13.040488800568488,77.56215854898691: POST /home/select-location/v2 -> HTTP <MagicMock name='mock.request().status_code' id='4459938400'> with a <MagicMock name='mock.request().headers.get()' id='4459997728'> body, not JSON
ERROR    app.geo.store_discovery:store_discovery.py:44 Unexpected error discovering store at 13.040488800568488,77.61784145101309: POST /home/select-location/v2 -> HTTP <MagicMock name='mock.request().status_code' id='4459938400'> with a <MagicMock name='mock.request().headers.get()' id='4459997728'> body, not JSON
ERROR    app.geo.store_discovery:store_discovery.py:44 Unexpected error discovering store at 12.899511199431513,77.56215854898691: POST /home/select-location/v2 -> HTTP <MagicMock name='mock.request().status_code' id='4459938400'> with a <MagicMock name='mock.request().headers.get()' id='4459997728'> body, not JSON
ERROR    app.geo.store_discovery:store_discovery.py:44 Unexpected error discovering store at 12.899511199431513,77.61784145101309: POST /home/select-location/v2 -> HTTP <MagicMock name='mock.request().status_code' id='4459938400'> with a <MagicMock name='mock.request().headers.get()' id='4459997728'> body, not JSON
ERROR    app.geo.store_discovery:store_discovery.py:44 Unexpected error discovering store at 12.958251866571919,77.51343600971401: POST /home/select-location/v2 -> HTTP <MagicMock name='mock.request().status_code' id='4459938400'> with a <MagicMock name='mock.request().headers.get()' id='4459997728'> body, not JSON
ERROR    app.geo.store_discovery:store_discovery.py:44 Unexpected error discovering store at 12.958251866571919,77.666563990286: POST /home/select-location/v2 -> HTTP <MagicMock name='mock.request().status_code' id='4459938400'> with a <MagicMock name='mock.request().headers.get()' id='4459997728'> body, not JSON
ERROR    app.geo.store_discovery:store_discovery.py:44 Unexpected error discovering store at 12.911259332859593,77.5412774607271: POST /home/select-location/v2 -> HTTP <MagicMock name='mock.request().status_code' id='4459938400'> with a <MagicMock name='mock.request().headers.get()' id='4459997728'> body, not JSON
ERROR    app.geo.store_discovery:store_discovery.py:44 Unexpected error discovering store at 12.911259332859593,77.6387225392729: POST /home/select-location/v2 -> HTTP <MagicMock name='mock.request().status_code' id='4459938400'> with a <MagicMock name='mock.request().headers.get()' id='4459997728'> body, not JSON
ERROR    app.geo.store_discovery:store_discovery.py:44 Unexpected error discovering store at 13.040488800568488,77.54823782348038: POST /home/select-location/v2 -> HTTP <MagicMock name='mock.request().status_code' id='4459938400'> with a <MagicMock name='mock.request().headers.get()' id='4459997728'> body, not JSON
ERROR    app.geo.store_discovery:store_discovery.py:44 Unexpected error discovering store at 13.040488800568488,77.63176217651963: POST /home/select-location/v2 -> HTTP <MagicMock name='mock.request().status_code' id='4459938400'> with a <MagicMock name='mock.request().headers.get()' id='4459997728'> body, not JSON
ERROR    app.geo.store_discovery:store_discovery.py:44 Unexpected error discovering store at 12.97,77.50647564696074: POST /home/select-location/v2 -> HTTP <MagicMock name='mock.request().status_code' id='4459938400'> with a <MagicMock name='mock.request().headers.get()' id='4459997728'> body, not JSON
ERROR    app.geo.store_discovery:store_discovery.py:44 Unexpected error discovering store at 12.97,77.67352435303927: POST /home/select-location/v2 -> HTTP <MagicMock name='mock.request().status_code' id='4459938400'> with a <MagicMock name='mock.request().headers.get()' id='4459997728'> body, not JSON
ERROR    app.geo.store_discovery:store_discovery.py:44 Unexpected error discovering store at 12.899511199431513,77.54823782348038: POST /home/select-location/v2 -> HTTP <MagicMock name='mock.request().status_code' id='4459938400'> with a <MagicMock name='mock.request().headers.get()' id='4459997728'> body, not JSON
ERROR    app.geo.store_discovery:store_discovery.py:44 Unexpected error discovering store at 12.899511199431513,77.63176217651963: POST /home/select-location/v2 -> HTTP <MagicMock name='mock.request().status_code' id='4459938400'> with a <MagicMock name='mock.request().headers.get()' id='4459997728'> body, not JSON
ERROR    app.geo.store_discovery:store_discovery.py:44 Unexpected error discovering store at 13.016992533712326,77.52039637246729: POST /home/select-location/v2 -> HTTP <MagicMock name='mock.request().status_code' id='4459938400'> with a <MagicMock name='mock.request().headers.get()' id='4459997728'> body, not JSON
ERROR    app.geo.store_discovery:store_discovery.py:44 Unexpected error discovering store at 13.016992533712326,77.65960362753272: POST /home/select-location/v2 -> HTTP <MagicMock name='mock.request().status_code' id='4459938400'> with a <MagicMock name='mock.request().headers.get()' id='4459997728'> body, not JSON
ERROR    app.geo.store_discovery:store_discovery.py:44 Unexpected error discovering store at 13.005244400284244,77.51343600971401: POST /home/select-location/v2 -> HTTP <MagicMock name='mock.request().status_code' id='4459938400'> with a <MagicMock name='mock.request().headers.get()' id='4459997728'> body, not JSON
ERROR    app.geo.store_discovery:store_discovery.py:44 Unexpected error discovering store at 13.005244400284244,77.666563990286: POST /home/select-location/v2 -> HTTP <MagicMock name='mock.request().status_code' id='4459938400'> with a <MagicMock name='mock.request().headers.get()' id='4459997728'> body, not JSON
ERROR    app.geo.store_discovery:store_discovery.py:44 Unexpected error discovering store at 13.05223693399657,77.58303963724673: POST /home/select-location/v2 -> HTTP <MagicMock name='mock.request().status_code' id='4459938400'> with a <MagicMock name='mock.request().headers.get()' id='4459997728'> body, not JSON
ERROR    app.geo.store_discovery:store_discovery.py:44 Unexpected error discovering store at 13.05223693399657,77.59696036275328: POST /home/select-location/v2 -> HTTP <MagicMock name='mock.request().status_code' id='4459938400'> with a <MagicMock name='mock.request().headers.get()' id='4459997728'> body, not JSON
ERROR    app.geo.store_discovery:store_discovery.py:44 Unexpected error discovering store at 12.887763066003432,77.58303963724673: POST /home/select-location/v2 -> HTTP <MagicMock name='mock.request().status_code' id='4459938400'> with a <MagicMock name='mock.request().headers.get()' id='4459997728'> body, not JSON
ERROR    app.geo.store_discovery:store_discovery.py:44 Unexpected error discovering store at 12.887763066003432,77.59696036275328: POST /home/select-location/v2 -> HTTP <MagicMock name='mock.request().status_code' id='4459938400'> with a <MagicMock name='mock.request().headers.get()' id='4459997728'> body, not JSON
ERROR    app.geo.store_discovery:store_discovery.py:44 Unexpected error discovering store at 12.934755599715757,77.51343600971401: POST /home/select-location/v2 -> HTTP <MagicMock name='mock.request().status_code' id='4459938400'> with a <MagicMock name='mock.request().headers.get()' id='4459997728'> body, not JSON
ERROR    app.geo.store_discovery:store_discovery.py:44 Unexpected error discovering store at 12.934755599715757,77.666563990286: POST /home/select-location/v2 -> HTTP <MagicMock name='mock.request().status_code' id='4459938400'> with a <MagicMock name='mock.request().headers.get()' id='4459997728'> body, not JSON
ERROR    app.geo.store_discovery:store_discovery.py:44 Unexpected error discovering store at 12.923007466287675,77.52039637246729: POST /home/select-location/v2 -> HTTP <MagicMock name='mock.request().status_code' id='4459938400'> with a <MagicMock name='mock.request().headers.get()' id='4459997728'> body, not JSON
ERROR    app.geo.store_discovery:store_discovery.py:44 Unexpected error discovering store at 12.923007466287675,77.65960362753272: POST /home/select-location/v2 -> HTTP <MagicMock name='mock.request().status_code' id='4459938400'> with a <MagicMock name='mock.request().headers.get()' id='4459997728'> body, not JSON
ERROR    app.geo.store_discovery:store_discovery.py:44 Unexpected error discovering store at 13.028740667140408,77.52735673522055: POST /home/select-location/v2 -> HTTP <MagicMock name='mock.request().status_code' id='4459938400'> with a <MagicMock name='mock.request().headers.get()' id='4459997728'> body, not JSON
ERROR    app.geo.store_discovery:store_discovery.py:44 Unexpected error discovering store at 13.028740667140408,77.65264326477946: POST /home/select-location/v2 -> HTTP <MagicMock name='mock.request().status_code' id='4459938400'> with a <MagicMock name='mock.request().headers.get()' id='4459997728'> body, not JSON
ERROR    app.geo.store_discovery:store_discovery.py:44 Unexpected error discovering store at 12.993496266856162,77.50647564696074: POST /home/select-location/v2 -> HTTP <MagicMock name='mock.request().status_code' id='4459938400'> with a <MagicMock name='mock.request().headers.get()' id='4459997728'> body, not JSON
ERROR    app.geo.store_discovery:store_discovery.py:44 Unexpected error discovering store at 12.993496266856162,77.67352435303927: POST /home/select-location/v2 -> HTTP <MagicMock name='mock.request().status_code' id='4459938400'> with a <MagicMock name='mock.request().headers.get()' id='4459997728'> body, not JSON
ERROR    app.geo.store_discovery:store_discovery.py:44 Unexpected error discovering store at 13.05223693399657,77.56911891174019: POST /home/select-location/v2 -> HTTP <MagicMock name='mock.request().status_code' id='4459938400'> with a <MagicMock name='mock.request().headers.get()' id='4459997728'> body, not JSON
ERROR    app.geo.store_discovery:store_discovery.py:44 Unexpected error discovering store at 13.05223693399657,77.61088108825982: POST /home/select-location/v2 -> HTTP <MagicMock name='mock.request().status_code' id='4459938400'> with a <MagicMock name='mock.request().headers.get()' id='4459997728'> body, not JSON
ERROR    app.geo.store_discovery:store_discovery.py:44 Unexpected error discovering store at 12.887763066003432,77.56911891174019: POST /home/select-location/v2 -> HTTP <MagicMock name='mock.request().status_code' id='4459938400'> with a <MagicMock name='mock.request().headers.get()' id='4459997728'> body, not JSON
ERROR    app.geo.store_discovery:store_discovery.py:44 Unexpected error discovering store at 12.887763066003432,77.61088108825982: POST /home/select-location/v2 -> HTTP <MagicMock name='mock.request().status_code' id='4459938400'> with a <MagicMock name='mock.request().headers.get()' id='4459997728'> body, not JSON
ERROR    app.geo.store_discovery:store_discovery.py:44 Unexpected error discovering store at 12.946503733143839,77.50647564696074: POST /home/select-location/v2 -> HTTP <MagicMock name='mock.request().status_code' id='4459938400'> with a <MagicMock name='mock.request().headers.get()' id='4459997728'> body, not JSON
ERROR    app.geo.store_discovery:store_discovery.py:44 Unexpected error discovering store at 12.946503733143839,77.67352435303927: POST /home/select-location/v2 -> HTTP <MagicMock name='mock.request().status_code' id='4459938400'> with a <MagicMock name='mock.request().headers.get()' id='4459997728'> body, not JSON
ERROR    app.geo.store_discovery:store_discovery.py:44 Unexpected error discovering store at 12.911259332859593,77.52735673522055: POST /home/select-location/v2 -> HTTP <MagicMock name='mock.request().status_code' id='4459938400'> with a <MagicMock name='mock.request().headers.get()' id='4459997728'> body, not JSON
ERROR    app.geo.store_discovery:store_discovery.py:44 Unexpected error discovering store at 12.911259332859593,77.65264326477946: POST /home/select-location/v2 -> HTTP <MagicMock name='mock.request().status_code' id='4459938400'> with a <MagicMock name='mock.request().headers.get()' id='4459997728'> body, not JSON
ERROR    app.geo.store_discovery:store_discovery.py:44 Unexpected error discovering store at 13.040488800568488,77.53431709797383: POST /home/select-location/v2 -> HTTP <MagicMock name='mock.request().status_code' id='4459938400'> with a <MagicMock name='mock.request().headers.get()' id='4459997728'> body, not JSON
ERROR    app.geo.store_discovery:store_discovery.py:44 Unexpected error discovering store at 13.040488800568488,77.64568290202618: POST /home/select-location/v2 -> HTTP <MagicMock name='mock.request().status_code' id='4459938400'> with a <MagicMock name='mock.request().headers.get()' id='4459997728'> body, not JSON
ERROR    app.geo.store_discovery:store_discovery.py:44 Unexpected error discovering store at 13.05223693399657,77.55519818623364: POST /home/select-location/v2 -> HTTP <MagicMock name='mock.request().status_code' id='4459938400'> with a <MagicMock name='mock.request().headers.get()' id='4459997728'> body, not JSON
ERROR    app.geo.store_discovery:store_discovery.py:44 Unexpected error discovering store at 13.05223693399657,77.62480181376637: POST /home/select-location/v2 -> HTTP <MagicMock name='mock.request().status_code' id='4459938400'> with a <MagicMock name='mock.request().headers.get()' id='4459997728'> body, not JSON
ERROR    app.geo.store_discovery:store_discovery.py:44 Unexpected error discovering store at 12.981748133428082,77.49951528420746: POST /home/select-location/v2 -> HTTP <MagicMock name='mock.request().status_code' id='4459938400'> with a <MagicMock name='mock.request().headers.get()' id='4459997728'> body, not JSON
ERROR    app.geo.store_discovery:store_discovery.py:44 Unexpected error discovering store at 12.981748133428082,77.68048471579255: POST /home/select-location/v2 -> HTTP <MagicMock name='mock.request().status_code' id='4459938400'> with a <MagicMock name='mock.request().headers.get()' id='4459997728'> body, not JSON
ERROR    app.geo.store_discovery:store_discovery.py:44 Unexpected error discovering store at 12.958251866571919,77.49951528420746: POST /home/select-location/v2 -> HTTP <MagicMock name='mock.request().status_code' id='4459938400'> with a <MagicMock name='mock.request().headers.get()' id='4459997728'> body, not JSON
ERROR    app.geo.store_discovery:store_discovery.py:44 Unexpected error discovering store at 12.958251866571919,77.68048471579255: POST /home/select-location/v2 -> HTTP <MagicMock name='mock.request().status_code' id='4459938400'> with a <MagicMock name='mock.request().headers.get()' id='4459997728'> body, not JSON
ERROR    app.geo.store_discovery:store_discovery.py:44 Unexpected error discovering store at 12.887763066003432,77.55519818623364: POST /home/select-location/v2 -> HTTP <MagicMock name='mock.request().status_code' id='4459938400'> with a <MagicMock name='mock.request().headers.get()' id='4459997728'> body, not JSON
ERROR    app.geo.store_discovery:store_discovery.py:44 Unexpected error discovering store at 12.887763066003432,77.62480181376637: POST /home/select-location/v2 -> HTTP <MagicMock name='mock.request().status_code' id='4459938400'> with a <MagicMock name='mock.request().headers.get()' id='4459997728'> body, not JSON
ERROR    app.geo.store_discovery:store_discovery.py:44 Unexpected error discovering store at 12.899511199431513,77.53431709797383: POST /home/select-location/v2 -> HTTP <MagicMock name='mock.request().status_code' id='4459938400'> with a <MagicMock name='mock.request().headers.get()' id='4459997728'> body, not JSON
ERROR    app.geo.store_discovery:store_discovery.py:44 Unexpected error discovering store at 12.899511199431513,77.64568290202618: POST /home/select-location/v2 -> HTTP <MagicMock name='mock.request().status_code' id='4459938400'> with a <MagicMock name='mock.request().headers.get()' id='4459997728'> body, not JSON
=========================== short test summary info ============================
FAILED tests/integration/test_deal_search_end_to_end.py::test_e2e_cancellation_and_failure_isolation
============================== 1 failed in 0.14s ===============================
